Using launch settings from C:\Reza_Repo\MISA\MISA_Agentic\MISA.UI\Properties\launchSettings.json...
Building...
info: Microsoft.Hosting.Lifetime[14]
      Now listening on: https://localhost:7115
info: Microsoft.Hosting.Lifetime[14]
      Now listening on: http://localhost:5101
info: Microsoft.Hosting.Lifetime[0]
      Application started. Press Ctrl+C to shut down.
info: Microsoft.Hosting.Lifetime[0]
      Hosting environment: Development
info: Microsoft.Hosting.Lifetime[0]
      Content root path: C:\Reza_Repo\MISA\MISA_Agentic\MISA.UI
info: System.Net.Http.HttpClient.MisaChatService.LogicalHandler[100]
      Start processing HTTP request POST https://localhost:5443/api/irt/chat
info: System.Net.Http.HttpClient.MisaChatService.ClientHandler[100]
      Sending HTTP request POST https://localhost:5443/api/irt/chat
info: System.Net.Http.HttpClient.MisaChatService.ClientHandler[101]
      Received HTTP response headers after 93.6273ms - 200
info: System.Net.Http.HttpClient.MisaChatService.LogicalHandler[101]
      End processing HTTP request after 105.1507ms - 200
